npm warn Unknown project config "shamefully-hoist". This will stop working in the next major version of npm. See `npm help npmrc` for supported config options.

> build
> pnpm -r --workspace-concurrency=1 --filter "./packages/*" --filter "./apps/*" run build

Scope: 6 of 7 workspace projects

> @ruum/shared@0.0.1 build C:\Users\hmlom\ruum\packages\shared
> tsc


> @ruum/api@0.0.1 build C:\Users\hmlom\ruum\packages\api
> tsc --noEmit


> @ruum/ui@0.0.1 build C:\Users\hmlom\ruum\packages\ui
> tsc --noEmit


> @ruum/app-conductor@1.0.0 prebuild C:\Users\hmlom\ruum\apps\app-conductor
> node ../../scripts/validate-env.mjs app-conductor

[env:app-conductor] configuraci├│n v├ílida (non-production).

> @ruum/app-conductor@1.0.0 build C:\Users\hmlom\ruum\apps\app-conductor
> next build

   Ôû▓ Next.js 15.5.19
   - Environments: .env.local

   Creating an optimized production build ...
 Ô£ô Compiled successfully in 8.2s
   Skipping linting
   Checking validity of types ...
   Collecting page data ...
   Generating static pages (0/28) ...
   Generating static pages (7/28) 
   Generating static pages (14/28) 
   Generating static pages (21/28) 
 Ô£ô Generating static pages (28/28)
   Finalizing page optimization ...
   Collecting build traces ...

Route (app)                                 Size  First Load JS
Ôöî ãÆ /                                      152 B         103 kB
Ôö£ Ôùï /_not-found                            152 B         103 kB
Ôö£ Ôùï /actualizacion-requerida               152 B         103 kB
Ôö£ ãÆ /auth/callback                         152 B         103 kB
Ôö£ Ôùï /configuracion                         152 B         103 kB
Ôö£ Ôùï /cuenta                                190 B         110 kB
Ôö£ Ôùï /cuenta/datos-bancarios              6.54 kB         196 kB
Ôö£ Ôùï /cuenta/documentos                      7 kB         209 kB
Ôö£ Ôùï /cuenta/legal                        2.74 kB         117 kB
Ôö£ Ôùï /cuenta/perfil                       9.07 kB         204 kB
Ôö£ Ôùï /cuenta/preferencias                 4.51 kB         194 kB
Ôö£ Ôùï /cuenta/seguridad                    3.45 kB         204 kB
Ôö£ Ôùï /cuenta/soporte                      2.17 kB         117 kB
Ôö£ Ôùï /documentos                            152 B         103 kB
Ôö£ Ôùï /ganancias                            4.3 kB         194 kB
Ôö£ Ôùï /icon.svg                                0 B            0 B
Ôö£ Ôùï /legal/privacidad                      168 B         106 kB
Ôö£ Ôùï /legal/terminos                        168 B         106 kB
Ôö£ Ôùï /login                               2.07 kB         189 kB
Ôö£ Ôùï /notificaciones                      3.02 kB         179 kB
Ôö£ Ôùï /nueva-password                       2.2 kB         185 kB
Ôö£ Ôùï /onboarding                          2.79 kB         123 kB
Ôö£ Ôùï /panel                               16.6 kB         217 kB
Ôö£ Ôùï /recuperar-password                  1.83 kB         185 kB
Ôö£ Ôùï /registro                            21.9 kB         229 kB
Ôö£ Ôùï /viajes                              10.5 kB         200 kB
Ôö£ ãÆ /viajes/[id]                         18.5 kB         218 kB
Ôö£ ãÆ /viajes/[id]/detalles                3.71 kB         115 kB
Ôö£ ãÆ /viajes/[id]/evidencia               13.8 kB         213 kB
Ôöö ãÆ /viajes/[id]/soporte                   152 B         103 kB
+ First Load JS shared by all             102 kB
  Ôö£ chunks/1665-b1c28093901bb960.js      46.1 kB
  Ôö£ chunks/8a35a3f2-4b2485ce4fe07703.js  54.2 kB
  Ôöö other shared chunks (total)          2.13 kB


ãÆ Middleware                             88.4 kB

Ôùï  (Static)   prerendered as static content
ãÆ  (Dynamic)  server-rendered on demand


> @ruum/app-usuario@0.0.1 prebuild C:\Users\hmlom\ruum\apps\app-usuario
> node ../../scripts/validate-env.mjs app-usuario

[env:app-usuario] configuraci├│n v├ílida (non-production).

> @ruum/app-usuario@0.0.1 build C:\Users\hmlom\ruum\apps\app-usuario
> next build

   Ôû▓ Next.js 15.5.19
   - Environments: .env.local

   Creating an optimized production build ...
 Ô£ô Compiled successfully in 9.8s
   Skipping linting
   Checking validity of types ...
   Collecting page data ...
   Generating static pages (0/25) ...
   Generating static pages (6/25) 
   Generating static pages (12/25) 
   Generating static pages (18/25) 
 Ô£ô Generating static pages (25/25)
   Finalizing page optimization ...
   Collecting build traces ...

Route (app)                                 Size  First Load JS
Ôöî ãÆ /                                    2.58 kB         186 kB
Ôö£ Ôùï /_not-found                            144 B         103 kB
Ôö£ ãÆ /auth/callback                         144 B         103 kB
Ôö£ ãÆ /cuenta                                233 B         197 kB
Ôö£ ãÆ /cuenta/facturacion                    247 B         197 kB
Ôö£ ãÆ /cuenta/legal                          247 B         197 kB
Ôö£ ãÆ /cuenta/metodos-pago                   247 B         197 kB
Ôö£ ãÆ /cuenta/perfil                         247 B         197 kB
Ôö£ ãÆ /cuenta/preferencias                   247 B         197 kB
Ôö£ ãÆ /cuenta/vehiculos                      247 B         197 kB
Ôö£ Ôùï /icon.svg                                0 B            0 B
Ôö£ Ôùï /legal/privacidad                    2.64 kB         181 kB
Ôö£ Ôùï /legal/terminos                      2.64 kB         181 kB
Ôö£ ãÆ /login                               5.39 kB         184 kB
Ôö£ ãÆ /mis-viajes                          2.66 kB         181 kB
Ôö£ Ôùï /nueva-password                      5.59 kB         184 kB
Ôö£ Ôùï /onboarding                          2.77 kB         116 kB
Ôö£ Ôùï /recuperar-password                  5.28 kB         184 kB
Ôö£ Ôùï /registro                            3.24 kB         186 kB
Ôö£ Ôùï /registro/confirma-correo            1.79 kB         184 kB
Ôö£ ãÆ /soporte                             2.66 kB         181 kB
Ôö£ ãÆ /traslados/[id]                      5.79 kB         191 kB
Ôö£ Ôùï /traslados/nuevo                     47.2 kB         232 kB
Ôöö ãÆ /verificacion                        5.98 kB         191 kB
+ First Load JS shared by all             102 kB
  Ôö£ chunks/1665-b1c28093901bb960.js      46.1 kB
  Ôö£ chunks/8a35a3f2-4b2485ce4fe07703.js  54.2 kB
  Ôöö other shared chunks (total)          2.07 kB


ãÆ Middleware                             88.5 kB

Ôùï  (Static)   prerendered as static content
ãÆ  (Dynamic)  server-rendered on demand


> @ruum/panel-admin@0.0.1 prebuild C:\Users\hmlom\ruum\apps\panel-admin
> node ../../scripts/validate-env.mjs panel-admin

[env:panel-admin] configuraci├│n v├ílida (non-production).

> @ruum/panel-admin@0.0.1 build C:\Users\hmlom\ruum\apps\panel-admin
> next build

   Ôû▓ Next.js 15.5.19
   - Environments: .env.local

   Creating an optimized production build ...
 Ô£ô Compiled successfully in 13.6s
   Skipping linting
   Checking validity of types ...
   Collecting page data ...
   Generating static pages (0/40) ...
   Generating static pages (10/40) 
   Generating static pages (20/40) 
   Generating static pages (30/40) 
 Ô£ô Generating static pages (40/40)
   Finalizing page optimization ...
   Collecting build traces ...

Route (app)                                  Size  First Load JS
Ôöî ãÆ /                                     7.53 kB         210 kB
Ôö£ Ôùï /_not-found                             172 B         103 kB
Ôö£ Ôùï /alertas-sla                          4.62 kB         207 kB
Ôö£ ãÆ /api/admin-auth/correo-conductor        172 B         103 kB
Ôö£ ãÆ /api/admin-auth/estado-acceso           172 B         103 kB
Ôö£ ãÆ /api/admin-auth/invitar-admin           172 B         103 kB
Ôö£ ãÆ /api/admin-auth/invitar-conductor       172 B         103 kB
Ôö£ ãÆ /api/admin-auth/invitar-usuario         172 B         103 kB
Ôö£ ãÆ /api/auditoria                          172 B         103 kB
Ôö£ ãÆ /api/codigos-postales/[prefijo]         172 B         103 kB
Ôö£ ãÆ /api/exportaciones/metricas-registro    172 B         103 kB
Ôö£ ãÆ /api/exportaciones/pagos                172 B         103 kB
Ôö£ ãÆ /api/exportaciones/vehiculos            172 B         103 kB
Ôö£ ãÆ /api/observabilidad                     172 B         103 kB
Ôö£ ãÆ /api/plantillas/traslados-masivos       172 B         103 kB
Ôö£ Ôùï /aprobaciones                         6.32 kB         206 kB
Ôö£ Ôùï /auditoria                            6.58 kB         123 kB
Ôö£ Ôùï /capacidades                          6.23 kB         206 kB
Ôö£ Ôùï /conductores                          6.51 kB         213 kB
Ôö£ ãÆ /conductores/[id]                     15.4 kB         218 kB
Ôö£ Ôùï /conductores/activos                  3.46 kB         206 kB
Ôö£ ãÆ /conductores/activos/[id]             6.62 kB         204 kB
Ôö£ Ôùï /conductores/activos/nuevo            19.2 kB         217 kB
Ôö£ Ôùï /conductores/activos/nuevos             172 B         103 kB
Ôö£ Ôùï /configuracion                        13.7 kB         206 kB
Ôö£ Ôùï /disputas                             6.07 kB         209 kB
Ôö£ Ôùï /documentos                           4.98 kB         209 kB
Ôö£ Ôùï /empresas                             12.3 kB         215 kB
Ôö£ ãÆ /empresas/[id]                        9.79 kB         213 kB
Ôö£ Ôùï /icon.svg                                 0 B            0 B
Ôö£ Ôùï /incidencias                          8.45 kB         211 kB
Ôö£ Ôùï /login                                3.75 kB         179 kB
Ôö£ Ôùï /mapa                                   13 kB         211 kB
Ôö£ Ôùï /masivos                              7.64 kB         223 kB
Ôö£ Ôùï /metricas-registro                    5.05 kB         203 kB
Ôö£ Ôùï /pagos                                6.37 kB         209 kB
Ôö£ Ôùï /reclamos-seguro                      2.14 kB         200 kB
Ôö£ Ôùï /reportes                              5.2 kB         120 kB
Ôö£ Ôùï /sin-permiso                            168 B         106 kB
Ôö£ Ôùï /tarifas                              13.4 kB         213 kB
Ôö£ Ôùï /usuarios                             6.77 kB         204 kB
Ôö£ ãÆ /usuarios/[id]                        12.4 kB         214 kB
Ôö£ Ôùï /vehiculos                            8.53 kB         208 kB
Ôö£ Ôùï /viajes                                 14 kB         221 kB
Ôöö ãÆ /viajes/[id]                          9.01 kB         228 kB
+ First Load JS shared by all              102 kB
  Ôö£ chunks/1665-b1c28093901bb960.js       46.1 kB
  Ôö£ chunks/8a35a3f2-4b2485ce4fe07703.js   54.2 kB
  Ôöö other shared chunks (total)           2.05 kB


ãÆ Middleware                              89.7 kB

Ôùï  (Static)   prerendered as static content
ãÆ  (Dynamic)  server-rendered on demand

